// Jest Snapshot v1, https://goo.gl/fbAQLP

exports[`default-type-parameter.test.wipple 1`] = `[]`;

exports[`default-type-parameter.test.wipple 2`] = `
{
  "output": "not implemented
",
}
`;
