// Bun Snapshot v1, https://goo.gl/fbAQLP

exports[`recursive-instance.test.wipple 1`] = `[]`;

exports[`recursive-instance.test.wipple 2`] = `
{
  "output": 
"Some Some 42
"
,
}
`;
