// Bun Snapshot v1, https://goo.gl/fbAQLP

exports[`trig.test.wipple 1`] = `[]`;

exports[`trig.test.wipple 2`] = `
{
  "output": 
"True
True
True
"
,
}
`;
