// Jest Snapshot v1, https://goo.gl/fbAQLP

exports[`number-units.test.wipple 1`] = `[]`;

exports[`number-units.test.wipple 2`] = `
{
  "output": "True
",
}
`;
