// Jest Snapshot v1, https://goo.gl/fbAQLP

exports[`/Users/wilson/Desktop/wipple-wasm/test/tests/operator-without-parentheses/operator-without-parentheses.test.wipple 1`] = `
[
  "operator-without-parentheses/operator-without-parentheses.test.wipple:2:0: error: this code requires \`(Add () Number _)\`",
  "operator-without-parentheses/operator-without-parentheses.test.wipple:3:0: error: this code requires \`(Or () Boolean _)\`",
  "operator-without-parentheses/operator-without-parentheses.test.wipple:4:5: error: this code requires \`(Add Number Text _)\`",
]
`;
