error: cannot add `show 1` to `2`
   ┌─ test:1:8
   │
 1 │ show 1 + 2
   │ ------ ^ - this has type `Number`
   │ │      │  
   │ │      could not find instance `Add () Number _`
   │ │      `+` consumes all expressions on either side; you may be missing parentheses
   │ this has type `()`
   │ this is parsed as one single input to `+`
   │
   ┌─ <dir>/std/math.wpl:17:14
   │
17 │   'a + 'b -> Add 'b 'a
   │              --- actual error occurred here
   │
   = add parentheses around `1 + 2`: `(1 + 2)`
   = for more information, see https://wipple.dev/playground/?lesson=errors/missing-instance

error: missing instance
   ┌─ test:2:11
   │
 2 │ show True or False
   │ --------- ^^
   │ │         │
   │ │         could not find instance `Or () Boolean _`
   │ │         `or` consumes all expressions on either side; you may be missing parentheses
   │ this has type `()`
   │ this is parsed as one single input to `or`
   │
   ┌─ <dir>/std/logic.wpl:54:15
   │
54 │   'a or 'b -> Or (() -> 'b) 'a
   │               -- actual error occurred here
   │
   = add parentheses around `True or False`: `(True or False)`
   = for more information, see https://wipple.dev/playground/?lesson=errors/missing-instance

error: cannot add `1` to `"hi"`
   ┌─ test:3:9
   │
 3 │ show (1 + "hi")
   │       - ^ ---- this has type `Text`
   │       │ │  
   │       │ could not find instance `Add Number Text _`
   │       this has type `Number`
   │
   ┌─ <dir>/std/math.wpl:17:14
   │
17 │   'a + 'b -> Add 'b 'a
   │              --- actual error occurred here
   │
   = for more information, see https://wipple.dev/playground/?lesson=errors/missing-instance

