---
source: test/src/lib.rs
expression: snapshot
---
True
False
False
True
