---
source: test/src/lib.rs
expression: snapshot
---
diagnostics: []
output:
  - b
  - a
