---
source: test/src/lib.rs
expression: snapshot
---
tests/did-you-mean.test.wipple:3:1: error: use `show` to display on the screen
tests/did-you-mean.test.wipple:4:6: error: can't find `hello`
tests/did-you-mean.test.wipple:5:13: error: expected code after the symbol `/`
tests/did-you-mean.test.wipple:5:17: error: can't find `comment`
