---
source: test/src/lib.rs
expression: snapshot
---
True
True
False
