---
source: test/src/lib.rs
expression: snapshot
---
diagnostics: []
output:
  - undefined
  - undefined
  - undefined
  - undefined
  - undefined
