---
source: test/src/lib.rs
expression: snapshot
---
0
1
Some 1
None
