---
source: test/src/lib.rs
expression: snapshot
---
tests/missing-instance.test.wipple:4:1: error: cannot describe a `Foo` value
