---
source: test/src/lib.rs
expression: snapshot
---
tests/list-mismatched-elements.test.wipple:3:15: error: expected a number here, but found text
tests/list-mismatched-elements.test.wipple:3:22: error: expected a number here, but found no value
