---
source: test/src/lib.rs
expression: snapshot
---
diagnostics: []
output:
  - abc
  - abc
  - abc
