---
source: test/src/lib.rs
assertion_line: 187
expression: snapshot
---
diagnostics: []
output:
  - "0: a"
  - "1: b"
  - "2: c"
