---
source: test/src/lib.rs
expression: snapshot
---
1
2
