// Bun Snapshot v1, https://goo.gl/fbAQLP

exports[`asset.test.wipple 1`] = `[]`;

exports[`asset.test.wipple 2`] = `
{
  "output": 
"red
"
,
}
`;
