// Jest Snapshot v1, https://goo.gl/fbAQLP

exports[`/Users/wilson/Desktop/wipple-wasm/test/tests/lists/lists.test.wipple 1`] = `[]`;

exports[`/Users/wilson/Desktop/wipple-wasm/test/tests/lists/lists.test.wipple 2`] = `
{
  "output": "Some 1
Some 3
1: {"type":"jumpIfNot","value":["type Maybe / variant Some",5]}: expected variant
while evaluating {
    "typeDescriptor": {
        "type": "named",
        "value": [
            "type Maybe",
            [
                {
                    "type": "named",
                    "value": [
                        "type List",
                        [
                            {
                                "type": "named",
                                "value": [
                                    "type Number",
                                    []
                                ]
                            }
                        ]
                    ]
                }
            ]
        ]
    },
    "type": "list",
    "values": [
        {
            "typeDescriptor": {
                "type": "named",
                "value": [
                    "type Number",
                    []
                ]
            },
            "type": "number",
            "value": "1"
        },
        {
            "typeDescriptor": {
                "type": "named",
                "value": [
                    "type Number",
                    []
                ]
            },
            "type": "number",
            "value": "2"
        }
    ]
}
stack: [
    {
        "typeDescriptor": {
            "type": "named",
            "value": [
                "type Maybe",
                [
                    {
                        "type": "named",
                        "value": [
                            "type List",
                            [
                                {
                                    "type": "named",
                                    "value": [
                                        "type Number",
                                        []
                                    ]
                                }
                            ]
                        ]
                    }
                ]
            ]
        },
        "type": "list",
        "values": [
            {
                "typeDescriptor": {
                    "type": "named",
                    "value": [
                        "type Number",
                        []
                    ]
                },
                "type": "number",
                "value": "1"
            },
            {
                "typeDescriptor": {
                    "type": "named",
                    "value": [
                        "type Number",
                        []
                    ]
                },
                "type": "number",
                "value": "2"
            }
        ]
    }
]
",
}
`;
