// Jest Snapshot v1, https://goo.gl/fbAQLP

exports[`set.test.wipple 1`] = `[]`;

exports[`set.test.wipple 2`] = `
{
  "output": "True
True
True
False
",
}
`;
