// Jest Snapshot v1, https://goo.gl/fbAQLP

exports[`generic-call-within-generic-constant.test.wipple 1`] = `[]`;

exports[`generic-call-within-generic-constant.test.wipple 2`] = `
{
  "output": "",
}
`;
