// Jest Snapshot v1, https://goo.gl/fbAQLP

exports[`enumerate.test.wipple 1`] = `[]`;

exports[`enumerate.test.wipple 2`] = `
{
  "output": "0: a
1: b
2: c
",
}
`;
