// Jest Snapshot v1, https://goo.gl/fbAQLP

exports[`/Users/wilson/Desktop/wipple-wasm/test/tests/bound/bound.test.wipple 1`] = `[]`;

exports[`/Users/wilson/Desktop/wipple-wasm/test/tests/bound/bound.test.wipple 2`] = `
{
  "output": "Hello, world!
",
}
`;
