// Jest Snapshot v1, https://goo.gl/fbAQLP

exports[`default-instance.test.wipple 1`] = `[]`;

exports[`default-instance.test.wipple 2`] = `
{
  "output": "using default instance
using specific instance: Hello, world!
",
}
`;
