// Jest Snapshot v1, https://goo.gl/fbAQLP

exports[`/Users/wilson/Desktop/wipple-wasm/test/tests/destructuring/destructuring.test.wipple 1`] = `[]`;

exports[`/Users/wilson/Desktop/wipple-wasm/test/tests/destructuring/destructuring.test.wipple 2`] = `
{
  "output": "Alice
Bob
no instance found for trait trait Describe with type descriptor {"type":"function","value":[[{"type":"named","value":["type Person",[]]}],{"type":"named","value":["type Text",[]]}]}
",
}
`;
