// Jest Snapshot v1, https://goo.gl/fbAQLP

exports[`generic-instance.test.wipple 1`] = `[]`;

exports[`generic-instance.test.wipple 2`] = `
{
  "output": "Hello, world!
",
}
`;
