// Bun Snapshot v1, https://goo.gl/fbAQLP

exports[`type-logic.test.wipple 1`] = `
[
  "/Users/wilson/Desktop/wipple-wasm/test/tests/type-logic/type-logic.test.wipple:10:12: error: expected expression here while reading this assignment",
  "/Users/wilson/Desktop/wipple-wasm/test/tests/type-logic/type-logic.test.wipple:11:0: error: expected expression here while reading this statement",
  "/Users/wilson/Desktop/wipple-wasm/test/tests/type-logic/type-logic.test.wipple:12:0: error: expected expression here while reading this call expression",
  "/Users/wilson/Desktop/wipple-wasm/test/tests/type-logic/type-logic.test.wipple:12:23: error: expected expression here while reading this call expression",
  "/Users/wilson/Desktop/wipple-wasm/test/tests/type-logic/type-logic.test.wipple:13:0: error: expected expression here while reading this call expression",
  "/Users/wilson/Desktop/wipple-wasm/test/tests/type-logic/type-logic.test.wipple:13:25: error: expected expression here while reading this call expression",
  "/Users/wilson/Desktop/wipple-wasm/test/tests/type-logic/type-logic.test.wipple:14:0: error: expected expression here while reading this statement",
  "/Users/wilson/Desktop/wipple-wasm/test/tests/type-logic/type-logic.test.wipple:8:1: error: can't find \`sealed\`",
  "/Users/wilson/Desktop/wipple-wasm/test/tests/type-logic/type-logic.test.wipple:9:1: error: can't find \`allow-overlapping-instances\`",
  "/Users/wilson/Desktop/wipple-wasm/test/tests/type-logic/type-logic.test.wipple:12:21: error: expected a \`_ -> _\` here, but found a \`S _\`",
  "/Users/wilson/Desktop/wipple-wasm/test/tests/type-logic/type-logic.test.wipple:13:23: error: expected a \`_ -> _\` here, but found a \`S _\`",
]
`;
