// Jest Snapshot v1, https://goo.gl/fbAQLP

exports[`redundant-case.test.wipple 1`] = `
[
  "redundant-case/redundant-case.test.wipple:4:2: warning: this pattern is unnecessary because it is already handled above",
  "redundant-case/redundant-case.test.wipple:6:2: warning: this pattern is unnecessary because it is already handled above",
]
`;

exports[`redundant-case.test.wipple 2`] = `
{
  "output": "a
",
}
`;
