// Jest Snapshot v1, https://goo.gl/fbAQLP

exports[`build-sequence.test.wipple 1`] = `[]`;

exports[`build-sequence.test.wipple 2`] = `
{
  "output": "0
1
2
3
4
",
}
`;
