// Jest Snapshot v1, https://goo.gl/fbAQLP

exports[`type-alias.test.wipple 1`] = `[]`;

exports[`type-alias.test.wipple 2`] = `
{
  "output": "",
}
`;
